

================================================================
== Vivado HLS Report for 'mlp'
================================================================
* Date:           Thu Jul 23 13:49:22 2026

* Version:        2019.1 (Build 2552052 on Fri May 24 15:28:33 MDT 2019)
* Project:        mlp_FP
* Solution:       solution1
* Product family: zynquplus
* Target device:  xczu3eg-sbva484-1-i


================================================================
== Performance Estimates
================================================================
+ Timing (ns): 
    * Summary: 
    +--------+-------+----------+------------+
    |  Clock | Target| Estimated| Uncertainty|
    +--------+-------+----------+------------+
    |ap_clk  |  10.00|     8.286|        1.25|
    +--------+-------+----------+------------+

+ Latency (clock cycles): 
    * Summary: 
    +-------+-------+-------+-------+---------+
    |    Latency    |    Interval   | Pipeline|
    |  min  |  max  |  min  |  max  |   Type  |
    +-------+-------+-------+-------+---------+
    |  37033|  37033|  37033|  37033|   none  |
    +-------+-------+-------+-------+---------+

    + Detail: 
        * Instance: 
        N/A

        * Loop: 
        +-------------+-------+-------+----------+-----------+-----------+------+----------+
        |             |    Latency    | Iteration|  Initiation Interval  | Trip |          |
        |  Loop Name  |  min  |  max  |  Latency |  achieved |   target  | Count| Pipelined|
        +-------------+-------+-------+----------+-----------+-----------+------+----------+
        |- Loop 1     |  35295|  35295|      7059|          -|          -|     5|    no    |
        | + Loop 1.1  |   7056|   7056|         9|          -|          -|   784|    no    |
        |- Loop 2     |    384|    384|        48|          -|          -|     8|    no    |
        | + Loop 2.1  |     45|     45|         9|          -|          -|     5|    no    |
        |- Loop 3     |    600|    600|        75|          -|          -|     8|    no    |
        | + Loop 3.1  |     72|     72|         9|          -|          -|     8|    no    |
        |- Loop 4     |    750|    750|        75|          -|          -|    10|    no    |
        | + Loop 4.1  |     72|     72|         9|          -|          -|     8|    no    |
        +-------------+-------+-------+----------+-----------+-----------+------+----------+



================================================================
== Utilization Estimates
================================================================
* Summary: 
+-----------------+---------+-------+--------+-------+-----+
|       Name      | BRAM_18K| DSP48E|   FF   |  LUT  | URAM|
+-----------------+---------+-------+--------+-------+-----+
|DSP              |        -|      -|       -|      -|    -|
|Expression       |        -|      -|       0|    518|    -|
|FIFO             |        -|      -|       -|      -|    -|
|Instance         |        -|      5|     421|    418|    -|
|Memory           |        0|      -|     192|     11|    0|
|Multiplexer      |        -|      -|       -|    468|    -|
|Register         |        -|      -|     484|      -|    -|
+-----------------+---------+-------+--------+-------+-----+
|Total            |        0|      5|    1097|   1415|    0|
+-----------------+---------+-------+--------+-------+-----+
|Available        |      432|    360|  141120|  70560|    0|
+-----------------+---------+-------+--------+-------+-----+
|Utilization (%)  |        0|      1|   ~0   |      2|    0|
+-----------------+---------+-------+--------+-------+-----+

+ Detail: 
    * Instance: 
    +-------------------------+----------------------+---------+-------+-----+-----+-----+
    |         Instance        |        Module        | BRAM_18K| DSP48E|  FF | LUT | URAM|
    +-------------------------+----------------------+---------+-------+-----+-----+-----+
    |mlp_fadd_32ns_32nbkb_U1  |mlp_fadd_32ns_32nbkb  |        0|      2|  227|  214|    0|
    |mlp_fcmp_32ns_32ndEe_U3  |mlp_fcmp_32ns_32ndEe  |        0|      0|   66|   66|    0|
    |mlp_fmul_32ns_32ncud_U2  |mlp_fmul_32ns_32ncud  |        0|      3|  128|  138|    0|
    +-------------------------+----------------------+---------+-------+-----+-----+-----+
    |Total                    |                      |        0|      5|  421|  418|    0|
    +-------------------------+----------------------+---------+-------+-----+-----+-----+

    * DSP48E: 
    N/A

    * Memory: 
    +--------+----------+---------+----+----+-----+------+-----+------+-------------+
    | Memory |  Module  | BRAM_18K| FF | LUT| URAM| Words| Bits| Banks| W*Bits*Banks|
    +--------+----------+---------+----+----+-----+------+-----+------+-------------+
    |out1_U  |mlp_out1  |        0|  64|   3|    0|     5|   32|     1|          160|
    |out2_U  |mlp_out2  |        0|  64|   4|    0|     8|   32|     1|          256|
    |out3_U  |mlp_out2  |        0|  64|   4|    0|     8|   32|     1|          256|
    +--------+----------+---------+----+----+-----+------+-----+------+-------------+
    |Total   |          |        0| 192|  11|    0|    21|   96|     3|          672|
    +--------+----------+---------+----+----+-----+------+-----+------+-------------+

    * FIFO: 
    N/A

    * Expression: 
    +-----------------------------+----------+-------+---+----+------------+------------+
    |        Variable Name        | Operation| DSP48E| FF| LUT| Bitwidth P0| Bitwidth P1|
    +-----------------------------+----------+-------+---+----+------------+------------+
    |i_1_fu_426_p2                |     +    |      0|  0|  12|           4|           1|
    |i_2_fu_510_p2                |     +    |      0|  0|  12|           4|           1|
    |i_3_fu_598_p2                |     +    |      0|  0|  12|           4|           1|
    |i_fu_342_p2                  |     +    |      0|  0|  11|           3|           1|
    |j_1_fu_442_p2                |     +    |      0|  0|  11|           3|           1|
    |j_2_fu_526_p2                |     +    |      0|  0|  12|           4|           1|
    |j_3_fu_610_p2                |     +    |      0|  0|  12|           4|           1|
    |j_fu_358_p2                  |     +    |      0|  0|  17|          10|           1|
    |and_ln47_fu_405_p2           |    and   |      0|  0|   2|           1|           1|
    |and_ln55_fu_489_p2           |    and   |      0|  0|   2|           1|           1|
    |and_ln63_fu_573_p2           |    and   |      0|  0|   2|           1|           1|
    |and_ln76_1_fu_699_p2         |    and   |      0|  0|   2|           1|           1|
    |and_ln76_fu_693_p2           |    and   |      0|  0|   2|           1|           1|
    |icmp_ln42_fu_336_p2          |   icmp   |      0|  0|   9|           3|           3|
    |icmp_ln44_fu_352_p2          |   icmp   |      0|  0|  13|          10|           9|
    |icmp_ln47_1_fu_393_p2        |   icmp   |      0|  0|  20|          23|           1|
    |icmp_ln47_fu_387_p2          |   icmp   |      0|  0|  11|           8|           2|
    |icmp_ln50_fu_420_p2          |   icmp   |      0|  0|  11|           4|           5|
    |icmp_ln52_fu_436_p2          |   icmp   |      0|  0|   9|           3|           3|
    |icmp_ln55_1_fu_477_p2        |   icmp   |      0|  0|  20|          23|           1|
    |icmp_ln55_fu_471_p2          |   icmp   |      0|  0|  11|           8|           2|
    |icmp_ln58_fu_504_p2          |   icmp   |      0|  0|  11|           4|           5|
    |icmp_ln60_fu_520_p2          |   icmp   |      0|  0|  11|           4|           5|
    |icmp_ln63_1_fu_561_p2        |   icmp   |      0|  0|  20|          23|           1|
    |icmp_ln63_fu_555_p2          |   icmp   |      0|  0|  11|           8|           2|
    |icmp_ln69_fu_592_p2          |   icmp   |      0|  0|   9|           4|           4|
    |icmp_ln71_fu_604_p2          |   icmp   |      0|  0|  11|           4|           5|
    |icmp_ln76_1_fu_663_p2        |   icmp   |      0|  0|  20|          23|           1|
    |icmp_ln76_2_fu_675_p2        |   icmp   |      0|  0|  11|           8|           2|
    |icmp_ln76_3_fu_681_p2        |   icmp   |      0|  0|  20|          23|           1|
    |icmp_ln76_fu_657_p2          |   icmp   |      0|  0|  11|           8|           2|
    |or_ln47_fu_399_p2            |    or    |      0|  0|   2|           1|           1|
    |or_ln55_fu_483_p2            |    or    |      0|  0|   2|           1|           1|
    |or_ln63_fu_567_p2            |    or    |      0|  0|   2|           1|           1|
    |or_ln76_1_fu_687_p2          |    or    |      0|  0|   2|           1|           1|
    |or_ln76_fu_669_p2            |    or    |      0|  0|   2|           1|           1|
    |max_val_1_fu_705_p3          |  select  |      0|  0|  32|           1|          32|
    |out1_d0                      |  select  |      0|  0|  32|           1|          32|
    |out2_d0                      |  select  |      0|  0|  32|           1|          32|
    |out3_d0                      |  select  |      0|  0|  32|           1|          32|
    |predicted_class_1_fu_713_p3  |  select  |      0|  0|  32|           1|          32|
    +-----------------------------+----------+-------+---+----+------------+------------+
    |Total                        |          |      0|  0| 518|         242|         232|
    +-----------------------------+----------+-------+---+----+------------+------------+

    * Multiplexer: 
    +---------------------------+-----+-----------+-----+-----------+
    |            Name           | LUT | Input Size| Bits| Total Bits|
    +---------------------------+-----+-----------+-----+-----------+
    |ap_NS_fsm                  |  201|         46|    1|         46|
    |grp_fu_300_p0              |   27|          5|   32|        160|
    |grp_fu_308_p0              |   27|          5|   32|        160|
    |grp_fu_313_p0              |   27|          5|   32|        160|
    |grp_fu_313_p1              |   15|          3|   32|         96|
    |i1_0_reg_174               |    9|          2|    4|          8|
    |i4_0_reg_208               |    9|          2|    4|          8|
    |i_0_reg_140                |    9|          2|    3|          6|
    |j3_0_reg_185               |    9|          2|    3|          6|
    |j6_0_reg_219               |    9|          2|    4|          8|
    |j9_0_reg_289               |    9|          2|    4|          8|
    |j_0_reg_151                |    9|          2|   10|         20|
    |max_val_0_reg_253          |    9|          2|   32|         64|
    |max_val_reg_277            |    9|          2|   32|         64|
    |out1_address0              |   15|          3|    3|          9|
    |out2_address0              |   15|          3|    3|          9|
    |out3_address0              |   15|          3|    3|          9|
    |predicted_class_0_reg_265  |    9|          2|   32|         64|
    |predicted_class_reg_242    |    9|          2|    4|          8|
    |sum2_0_reg_196             |    9|          2|   32|         64|
    |sum5_0_reg_230             |    9|          2|   32|         64|
    |sum_0_reg_162              |    9|          2|   32|         64|
    +---------------------------+-----+-----------+-----+-----------+
    |Total                      |  468|        101|  366|       1105|
    +---------------------------+-----+-----------+-----+-----------+

    * Register: 
    +---------------------------+----+----+-----+-----------+
    |            Name           | FF | LUT| Bits| Const Bits|
    +---------------------------+----+----+-----+-----------+
    |ap_CS_fsm                  |  45|   0|   45|          0|
    |i1_0_reg_174               |   4|   0|    4|          0|
    |i4_0_reg_208               |   4|   0|    4|          0|
    |i_0_reg_140                |   3|   0|    3|          0|
    |i_1_reg_754                |   4|   0|    4|          0|
    |i_2_reg_785                |   4|   0|    4|          0|
    |i_3_reg_821                |   4|   0|    4|          0|
    |i_reg_723                  |   3|   0|    3|          0|
    |input_load_reg_746         |  32|   0|   32|          0|
    |j3_0_reg_185               |   3|   0|    3|          0|
    |j6_0_reg_219               |   4|   0|    4|          0|
    |j9_0_reg_289               |   4|   0|    4|          0|
    |j_0_reg_151                |  10|   0|   10|          0|
    |j_1_reg_767                |   3|   0|    3|          0|
    |j_2_reg_798                |   4|   0|    4|          0|
    |j_3_reg_829                |   4|   0|    4|          0|
    |j_reg_736                  |  10|   0|   10|          0|
    |max_val_0_reg_253          |  32|   0|   32|          0|
    |max_val_reg_277            |  32|   0|   32|          0|
    |out1_load_reg_777          |  32|   0|   32|          0|
    |out2_load_reg_808          |  32|   0|   32|          0|
    |out3_load_reg_839          |  32|   0|   32|          0|
    |predicted_class_0_reg_265  |  32|   0|   32|          0|
    |predicted_class_reg_242    |   4|   0|    4|          0|
    |reg_323                    |  32|   0|   32|          0|
    |sum2_0_reg_196             |  32|   0|   32|          0|
    |sum5_0_reg_230             |  32|   0|   32|          0|
    |sum_0_reg_162              |  32|   0|   32|          0|
    |zext_ln43_reg_728          |   3|   0|   64|         61|
    |zext_ln51_reg_759          |   4|   0|   64|         60|
    |zext_ln59_reg_790          |   4|   0|   64|         60|
    |zext_ln69_reg_813          |   4|   0|   32|         28|
    +---------------------------+----+----+-----+-----------+
    |Total                      | 484|   0|  693|        209|
    +---------------------------+----+----+-----+-----------+



================================================================
== Interface
================================================================
* Summary: 
+------------------+-----+-----+------------+--------------+--------------+
|     RTL Ports    | Dir | Bits|  Protocol  | Source Object|    C Type    |
+------------------+-----+-----+------------+--------------+--------------+
|ap_clk            |  in |    1| ap_ctrl_hs |      mlp     | return value |
|ap_rst            |  in |    1| ap_ctrl_hs |      mlp     | return value |
|ap_start          |  in |    1| ap_ctrl_hs |      mlp     | return value |
|ap_done           | out |    1| ap_ctrl_hs |      mlp     | return value |
|ap_idle           | out |    1| ap_ctrl_hs |      mlp     | return value |
|ap_ready          | out |    1| ap_ctrl_hs |      mlp     | return value |
|ap_return         | out |   32| ap_ctrl_hs |      mlp     | return value |
|input_r_address0  | out |   10|  ap_memory |    input_r   |     array    |
|input_r_ce0       | out |    1|  ap_memory |    input_r   |     array    |
|input_r_q0        |  in |   32|  ap_memory |    input_r   |     array    |
+------------------+-----+-----+------------+--------------+--------------+

