

================================================================
== Vivado HLS Report for 'neuron'
================================================================
* Date:           Fri Jul 24 12:50:20 2026

* Version:        2019.1 (Build 2552052 on Fri May 24 15:28:33 MDT 2019)
* Project:        neuron_FP
* Solution:       solution1
* Product family: zynquplus
* Target device:  xczu3eg-sbva484-1-i


================================================================
== Performance Estimates
================================================================
+ Timing (ns): 
    * Summary: 
    +--------+-------+----------+------------+
    |  Clock | Target| Estimated| Uncertainty|
    +--------+-------+----------+------------+
    |ap_clk  |  10.00|     8.334|        1.25|
    +--------+-------+----------+------------+

+ Latency (clock cycles): 
    * Summary: 
    +-----+-----+-----+-----+---------+
    |  Latency  |  Interval | Pipeline|
    | min | max | min | max |   Type  |
    +-----+-----+-----+-----+---------+
    |    9|    9|    9|    9|   none  |
    +-----+-----+-----+-----+---------+

    + Detail: 
        * Instance: 
        N/A

        * Loop: 
        N/A



================================================================
== Utilization Estimates
================================================================
* Summary: 
+-----------------+---------+-------+--------+-------+-----+
|       Name      | BRAM_18K| DSP48E|   FF   |  LUT  | URAM|
+-----------------+---------+-------+--------+-------+-----+
|DSP              |        -|      -|       -|      -|    -|
|Expression       |        -|      -|       -|      -|    -|
|FIFO             |        -|      -|       -|      -|    -|
|Instance         |        -|     14|     744|    984|    -|
|Memory           |        -|      -|       -|      -|    -|
|Multiplexer      |        -|      -|       -|     50|    -|
|Register         |        -|      -|      74|      -|    -|
+-----------------+---------+-------+--------+-------+-----+
|Total            |        0|     14|     818|   1034|    0|
+-----------------+---------+-------+--------+-------+-----+
|Available        |      432|    360|  141120|  70560|    0|
+-----------------+---------+-------+--------+-------+-----+
|Utilization (%)  |        0|      3|   ~0   |      1|    0|
+-----------------+---------+-------+--------+-------+-----+

+ Detail: 
    * Instance: 
    +-------------------------+----------------------+---------+-------+-----+-----+-----+
    |         Instance        |        Module        | BRAM_18K| DSP48E|  FF | LUT | URAM|
    +-------------------------+----------------------+---------+-------+-----+-----+-----+
    |neuron_dadd_64ns_bkb_U1  |neuron_dadd_64ns_bkb  |        0|      3|  445|  781|    0|
    |neuron_dmul_64ns_cud_U2  |neuron_dmul_64ns_cud  |        0|     11|  299|  203|    0|
    +-------------------------+----------------------+---------+-------+-----+-----+-----+
    |Total                    |                      |        0|     14|  744|  984|    0|
    +-------------------------+----------------------+---------+-------+-----+-----+-----+

    * DSP48E: 
    N/A

    * Memory: 
    N/A

    * FIFO: 
    N/A

    * Expression: 
    N/A

    * Multiplexer: 
    +-----------+----+-----------+-----+-----------+
    |    Name   | LUT| Input Size| Bits| Total Bits|
    +-----------+----+-----------+-----+-----------+
    |ap_NS_fsm  |  50|         11|    1|         11|
    +-----------+----+-----------+-----+-----------+
    |Total      |  50|         11|    1|         11|
    +-----------+----+-----------+-----+-----------+

    * Register: 
    +------------+----+----+-----+-----------+
    |    Name    | FF | LUT| Bits| Const Bits|
    +------------+----+----+-----+-----------+
    |ap_CS_fsm   |  10|   0|   10|          0|
    |tmp_reg_55  |  64|   0|   64|          0|
    +------------+----+----+-----+-----------+
    |Total       |  74|   0|   74|          0|
    +------------+----+----+-----+-----------+



================================================================
== Interface
================================================================
* Summary: 
+-----------+-----+-----+------------+--------------+--------------+
| RTL Ports | Dir | Bits|  Protocol  | Source Object|    C Type    |
+-----------+-----+-----+------------+--------------+--------------+
|ap_clk     |  in |    1| ap_ctrl_hs |    neuron    | return value |
|ap_rst     |  in |    1| ap_ctrl_hs |    neuron    | return value |
|ap_start   |  in |    1| ap_ctrl_hs |    neuron    | return value |
|ap_done    | out |    1| ap_ctrl_hs |    neuron    | return value |
|ap_idle    | out |    1| ap_ctrl_hs |    neuron    | return value |
|ap_ready   | out |    1| ap_ctrl_hs |    neuron    | return value |
|ap_return  | out |   64| ap_ctrl_hs |    neuron    | return value |
|w          |  in |   64|   ap_none  |       w      |    scalar    |
|x          |  in |   64|   ap_none  |       x      |    scalar    |
|b          |  in |   64|   ap_none  |       b      |    scalar    |
+-----------+-----+-----+------------+--------------+--------------+

