#-----------------------------------------------------------
# xsim v2019.1 (64-bit)
# SW Build 2552052 on Fri May 24 14:49:42 MDT 2019
# IP Build 2548770 on Fri May 24 18:01:18 MDT 2019
# Start of session at: Thu Jul 16 01:17:07 2026
# Process ID: 9736
# Current directory: D:/SumSem_Pots/Hardware/Lab/Lab4/neuron_FxP/solution1/sim/verilog
# Command line: xsim.exe -mode tcl -source {xsim.dir/neuron/xsim_script.tcl}
# Log file: D:/SumSem_Pots/Hardware/Lab/Lab4/neuron_FxP/solution1/sim/verilog/xsim.log
# Journal file: D:/SumSem_Pots/Hardware/Lab/Lab4/neuron_FxP/solution1/sim/verilog\xsim.jou
#-----------------------------------------------------------
source xsim.dir/neuron/xsim_script.tcl
# xsim {neuron} -autoloadwcfg -tclbatch {neuron.tcl}
Vivado Simulator 2019.1
Time resolution is 1 ps
source neuron.tcl
## log_wave -r /
WARNING: [Simtcl 6-197] One or more HDL objects could not be logged because of object type or size limitations.  To see details please rerun the command with -verbose (-v).
## set designtopgroup [add_wave_group "Design Top Signals"]
## set coutputgroup [add_wave_group "C Outputs" -into $designtopgroup]
## set agg_group [add_wave_group agg(wire) -into $coutputgroup]
## add_wave /apatb_neuron_top/AESL_inst_neuron/ap_return -into $agg_group -radix hex
## set cinputgroup [add_wave_group "C Inputs" -into $designtopgroup]
## set b_fxp_group [add_wave_group b_fxp(wire) -into $cinputgroup]
## add_wave /apatb_neuron_top/AESL_inst_neuron/b_fxp_V -into $b_fxp_group -radix hex
## set x_fxp_group [add_wave_group x_fxp(wire) -into $cinputgroup]
## add_wave /apatb_neuron_top/AESL_inst_neuron/x_fxp_V -into $x_fxp_group -radix hex
## set w_fxp_group [add_wave_group w_fxp(wire) -into $cinputgroup]
## add_wave /apatb_neuron_top/AESL_inst_neuron/w_fxp_V -into $w_fxp_group -radix hex
## set blocksiggroup [add_wave_group "Block-level IO Handshake" -into $designtopgroup]
## add_wave /apatb_neuron_top/AESL_inst_neuron/ap_start -into $blocksiggroup
## add_wave /apatb_neuron_top/AESL_inst_neuron/ap_done -into $blocksiggroup
## add_wave /apatb_neuron_top/AESL_inst_neuron/ap_idle -into $blocksiggroup
## add_wave /apatb_neuron_top/AESL_inst_neuron/ap_ready -into $blocksiggroup
## set resetgroup [add_wave_group "Reset" -into $designtopgroup]
## set clockgroup [add_wave_group "Clock" -into $designtopgroup]
## set testbenchgroup [add_wave_group "Test Bench Signals"]
## set tbinternalsiggroup [add_wave_group "Internal Signals" -into $testbenchgroup]
## set tb_simstatus_group [add_wave_group "Simulation Status" -into $tbinternalsiggroup]
## set tb_portdepth_group [add_wave_group "Port Depth" -into $tbinternalsiggroup]
## add_wave /apatb_neuron_top/AUTOTB_TRANSACTION_NUM -into $tb_simstatus_group -radix hex
## add_wave /apatb_neuron_top/ready_cnt -into $tb_simstatus_group -radix hex
## add_wave /apatb_neuron_top/done_cnt -into $tb_simstatus_group -radix hex
## add_wave /apatb_neuron_top/LENGTH_w_fxp_V -into $tb_portdepth_group -radix hex
## add_wave /apatb_neuron_top/LENGTH_x_fxp_V -into $tb_portdepth_group -radix hex
## add_wave /apatb_neuron_top/LENGTH_b_fxp_V -into $tb_portdepth_group -radix hex
## add_wave /apatb_neuron_top/LENGTH_ap_return -into $tb_portdepth_group -radix hex
## set tbcoutputgroup [add_wave_group "C Outputs" -into $testbenchgroup]
## set tb_agg_group [add_wave_group agg(wire) -into $tbcoutputgroup]
## add_wave /apatb_neuron_top/ap_return -into $tb_agg_group -radix hex
## set tbcinputgroup [add_wave_group "C Inputs" -into $testbenchgroup]
## set tb_b_fxp_group [add_wave_group b_fxp(wire) -into $tbcinputgroup]
## add_wave /apatb_neuron_top/b_fxp_V -into $tb_b_fxp_group -radix hex
## set tb_x_fxp_group [add_wave_group x_fxp(wire) -into $tbcinputgroup]
## add_wave /apatb_neuron_top/x_fxp_V -into $tb_x_fxp_group -radix hex
## set tb_w_fxp_group [add_wave_group w_fxp(wire) -into $tbcinputgroup]
## add_wave /apatb_neuron_top/w_fxp_V -into $tb_w_fxp_group -radix hex
## save_wave_config neuron.wcfg
## run all
////////////////////////////////////////////////////////////////////////////////////
// Inter-Transaction Progress: Completed Transaction / Total Transaction
// Intra-Transaction Progress: Measured Latency / Latency Estimation * 100%
//
// RTL Simulation : "Inter-Transaction Progress" ["Intra-Transaction Progress"] @ "Simulation Time"
////////////////////////////////////////////////////////////////////////////////////
// RTL Simulation : 0 / 11 [n/a] @ "125000"
// RTL Simulation : 1 / 11 [n/a] @ "145000"
// RTL Simulation : 2 / 11 [n/a] @ "155000"
// RTL Simulation : 3 / 11 [n/a] @ "165000"
// RTL Simulation : 4 / 11 [n/a] @ "175000"
// RTL Simulation : 5 / 11 [n/a] @ "185000"
// RTL Simulation : 6 / 11 [n/a] @ "195000"
// RTL Simulation : 7 / 11 [n/a] @ "205000"
// RTL Simulation : 8 / 11 [n/a] @ "215000"
// RTL Simulation : 9 / 11 [n/a] @ "225000"
// RTL Simulation : 10 / 11 [n/a] @ "235000"
// RTL Simulation : 11 / 11 [n/a] @ "245000"
////////////////////////////////////////////////////////////////////////////////////
$finish called at time : 285 ns : File "D:/SumSem_Pots/Hardware/Lab/Lab4/neuron_FxP/solution1/sim/verilog/neuron.autotb.v" Line 372
## quit
INFO: [Common 17-206] Exiting xsim at Thu Jul 16 01:17:11 2026...
